// Vitest Snapshot v1, https://vitest.dev/guide/snapshot.html

exports[`Form component > should show transaction 1`] = `
{
  "asFragment": [Function],
  "baseElement": <body>
    <div>
      <form>
        <div
          class="input-container"
        >
          <input
            class="material-input"
            name="date"
            required=""
            type="date"
            value="2023-11-06"
          />
          <label
            class="material-label"
          >
            Date
          </label>
        </div>
        <div
          class="input-container"
        >
          <input
            class="material-input"
            name="balance"
            required=""
            type="number"
            value="0"
          />
          <label
            class="material-label"
          >
            New sum
          </label>
        </div>
        <div
          class="input-container"
        >
          <textarea
            class="material-input"
            name="comment"
            required=""
          />
          <label
            class="material-label"
          >
            Comment
          </label>
        </div>
        <button
          type="submit"
        >
          Save
        </button>
      </form>
    </div>
  </body>,
  "container": <div>
    <form>
      <div
        class="input-container"
      >
        <input
          class="material-input"
          name="date"
          required=""
          type="date"
          value="2023-11-06"
        />
        <label
          class="material-label"
        >
          Date
        </label>
      </div>
      <div
        class="input-container"
      >
        <input
          class="material-input"
          name="balance"
          required=""
          type="number"
          value="0"
        />
        <label
          class="material-label"
        >
          New sum
        </label>
      </div>
      <div
        class="input-container"
      >
        <textarea
          class="material-input"
          name="comment"
          required=""
        />
        <label
          class="material-label"
        >
          Comment
        </label>
      </div>
      <button
        type="submit"
      >
        Save
      </button>
    </form>
  </div>,
  "debug": [Function],
  "findAllByAltText": [Function],
  "findAllByDisplayValue": [Function],
  "findAllByLabelText": [Function],
  "findAllByPlaceholderText": [Function],
  "findAllByRole": [Function],
  "findAllByTestId": [Function],
  "findAllByText": [Function],
  "findAllByTitle": [Function],
  "findByAltText": [Function],
  "findByDisplayValue": [Function],
  "findByLabelText": [Function],
  "findByPlaceholderText": [Function],
  "findByRole": [Function],
  "findByTestId": [Function],
  "findByText": [Function],
  "findByTitle": [Function],
  "getAllByAltText": [Function],
  "getAllByDisplayValue": [Function],
  "getAllByLabelText": [Function],
  "getAllByPlaceholderText": [Function],
  "getAllByRole": [Function],
  "getAllByTestId": [Function],
  "getAllByText": [Function],
  "getAllByTitle": [Function],
  "getByAltText": [Function],
  "getByDisplayValue": [Function],
  "getByLabelText": [Function],
  "getByPlaceholderText": [Function],
  "getByRole": [Function],
  "getByTestId": [Function],
  "getByText": [Function],
  "getByTitle": [Function],
  "queryAllByAltText": [Function],
  "queryAllByDisplayValue": [Function],
  "queryAllByLabelText": [Function],
  "queryAllByPlaceholderText": [Function],
  "queryAllByRole": [Function],
  "queryAllByTestId": [Function],
  "queryAllByText": [Function],
  "queryAllByTitle": [Function],
  "queryByAltText": [Function],
  "queryByDisplayValue": [Function],
  "queryByLabelText": [Function],
  "queryByPlaceholderText": [Function],
  "queryByRole": [Function],
  "queryByTestId": [Function],
  "queryByText": [Function],
  "queryByTitle": [Function],
  "rerender": [Function],
  "unmount": [Function],
}
`;
