// Vitest Snapshot v1, https://vitest.dev/guide/snapshot.html

exports[`Transaction component > should match transaction 1`] = `undefined`;
